### logger started 2026-09-19 09:25:25 ###
### port opened ###
NOTICE:  CPU: STM32MP157DAA Rev.Z
NOTICE:  Model: STMicroelectr[  226.297844] remoteproc remoteproc0: powering up m4
[  226.301598] remoteproc remoteproc0: Booting fw image m4_mpu6050_no_tx_fix1.elf, size 49844
[  226.315906]  mlahb:m4@10000000#vdev0buffer: assigned reserved memory node vdev0buffer@10042000
[  226.323601] virtio_rpmsg_bus virtio0: rpmsg host is online
[  226.323738] virtio_rpmsg_bus virtio0: creating channel rpmsg-tty-channel addr 0x400
[  226.332787]  mlahb:m4@10000000#vdev0buffer: registered virtio0 (type 7)
[  226.343887] remoteproc remoteproc0: remote processor m4 is now up
[  226.352336] rpmsg_tty virtio0.rpmsg-tty-channel.-1.1024: new channel: 0x400 -> 0x400 : ttyRPMSG0
[  250.763488] rpmsg_tty virtio0.rpmsg-tty-channel.-1.1024: rpmsg tty device 0 is removed
[  251.275780] remoteproc remoteproc0: warning: remote FW shutdown without ack
[  251.281376] remoteproc remoteproc0: stopped remote processor m4
[  259.526649] remoteproc remoteproc0: powering up m4
[  259.530311] remoteproc remoteproc0: Booting fw image m4_rpmsg_fix1.elf, size 49896
[  259.541376]  mlahb:m4@10000000#vdev0buffer: assigned reserved memory node vdev0buffer@10042000
[  259.549475] virtio_rpmsg_bus virtio0: creating channel rpmsg-tty-channel addr 0x400
[  259.557576] virtio_rpmsg_bus virtio0: rpmsg host is online
[  259.561896]  mlahb:m4@10000000#vdev0buffer: registered virtio0 (type 7)
[  259.569330] rpmsg_tty virtio0.rpmsg-tty-channel.-1.1024: new channel: 0x400 -> 0x400 : ttyRPMSG0
[  259.577735] remoteproc remoteproc0: remote processor m4 is now up
[  276.037487] rpmsg_tty virtio0.rpmsg-tty-channel.-1.1024: rpmsg tty device 0 is removed
[  276.545663] remoteproc remoteproc0: warning: remote FW shutdown without ack
[  276.551242] remoteproc remoteproc0: stopped remote processor m4
[  276.559292] stm32-usart 40011000.serial: interrupt mode for rx (no dma)
[  276.564576] stm32-usart 40011000.serial: interrupt mode for tx (no dma)
[  276.571589] 40011000.serial: ttySTM2 at MMIO 0x40011000 (irq = 63, base_baud = 4000000) is a stm32-usart
