[  128.755026] remoteproc remoteproc0: powering up m4
[  128.759006] remoteproc remoteproc0: Booting fw image m4_gpio_rollback.elf, size 45372
[  128.772391]  mlahb:m4@10000000#vdev0buffer: assigned reserved memory node vdev0buffer@10042000
[  128.780261] virtio_rpmsg_bus virtio0: rpmsg host is online
[  128.780392] virtio_rpmsg_bus virtio0: creating channel rpmsg-tty-channel addr 0x400
[  128.785222]  mlahb:m4@10000000#vdev0buffer: registered virtio0 (type 7)
[  128.799554] remoteproc remoteproc0: remote processor m4 is now up
[  128.823776] rpmsg_tty virtio0.rpmsg-tty-channel.-1.1024: new channel: 0x400 -> 0x400 : ttyRPMSG0
[  164.684804] rpmsg_tty virtio0.rpmsg-tty-channel.-1.1024: rpmsg tty device 0 is removed
[  165.195836] remoteproc remoteproc0: warning: remote FW shutdown without ack
[  165.201442] remoteproc remoteproc0: stopped remote processor m4
[  165.211173] remoteproc remoteproc0: powering up m4
[  165.214859] remoteproc remoteproc0: Booting fw image m4_recovery_rollback.elf, size 45416
[  165.226486]  mlahb:m4@10000000#vdev0buffer: assigned reserved memory node vdev0buffer@10042000
[  165.234302] virtio_rpmsg_bus virtio0: creating channel rpmsg-tty-channel addr 0x400
[  165.239413] virtio_rpmsg_bus virtio0: rpmsg host is online
[  165.247208]  mlahb:m4@10000000#vdev0buffer: registered virtio0 (type 7)
[  165.253842] remoteproc remoteproc0: remote processor m4 is now up
[  165.255964] rpmsg_tty virtio0.rpmsg-tty-channel.-1.1024: new channel: 0x400 -> 0x400 : ttyRPMSG0
[  206.983394] rpmsg_tty virtio0.rpmsg-tty-channel.-1.1024: rpmsg tty device 0 is removed
[  207.495757] remoteproc remoteproc0: warning: remote FW shutdown without ack
[  207.501336] remoteproc remoteproc0: stopped remote processor m4
[  207.511024] remoteproc remoteproc0: powering up m4
[  207.514752] remoteproc remoteproc0: Booting fw image m4_register_rollback.elf, size 45592
[  207.526141]  mlahb:m4@10000000#vdev0buffer: assigned reserved memory node vdev0buffer@10042000
[  207.533838] virtio_rpmsg_bus virtio0: rpmsg host is online
[  207.533966] virtio_rpmsg_bus virtio0: creating channel rpmsg-tty-channel addr 0x400
[  207.541900]  mlahb:m4@10000000#vdev0buffer: registered virtio0 (type 7)
[  207.555074] remoteproc remoteproc0: remote processor m4 is now up
[  207.576614] rpmsg_tty virtio0.rpmsg-tty-channel.-1.1024: new channel: 0x400 -> 0x400 : ttyRPMSG0
