-- The C compiler identification is GNU 15.3.1
-- The ASM compiler identification is GNU
-- Found assembler: /Users/xiechushu/project/Joint_inversion_for_simulation/docs/简历和套磁信/嵌入式mp157/third_party/arm-toolchain-extracted-15.3/Payload/bin/arm-none-eabi-gcc
-- Detecting C compiler ABI info
-- Detecting C compiler ABI info - done
-- Check for working C compiler: /Users/xiechushu/project/Joint_inversion_for_simulation/docs/简历和套磁信/嵌入式mp157/third_party/arm-toolchain-extracted-15.3/Payload/bin/arm-none-eabi-gcc - skipped
-- Detecting C compile features
-- Detecting C compile features - done
-- Configuring done (0.2s)
-- Generating done (0.0s)
-- Build files have been written to: /Users/xiechushu/project/Joint_inversion_for_simulation/docs/简历和套磁信/嵌入式mp157/m4/build-recovery-only
[1/36] Building ASM object 'CMakeFiles/m4_rpmsg.elf.dir/Users/xiechushu/project/Joint_inversion_for_simulation/docs/简历和套磁信/嵌入式mp157/third_party/STM32CubeMP1/Projects/STM32MP157C-DK2/Applications/OpenAMP/OpenAMP_TTY_echo/STM32CubeIDE/CM4/Application/Startup/startup_stm32mp157caax.s.obj'
[2/36] Building C object 'CMakeFiles/m4_rpmsg.elf.dir/Users/xiechushu/project/Joint_inversion_for_simulation/docs/简历和套磁信/嵌入式mp157/third_party/STM32CubeMP1/Projects/STM32MP157C-DK2/Applications/OpenAMP/OpenAMP_TTY_echo/Src/system_stm32mp1xx.c.obj'
[3/36] Building C object 'CMakeFiles/m4_rpmsg.elf.dir/Users/xiechushu/project/Joint_inversion_for_simulation/docs/简历和套磁信/嵌入式mp157/third_party/STM32CubeMP1/Projects/STM32MP157C-DK2/Applications/OpenAMP/OpenAMP_TTY_echo/Src/openamp.c.obj'
[4/36] Building C object 'CMakeFiles/m4_rpmsg.elf.dir/Users/xiechushu/project/Joint_inversion_for_simulation/docs/简历和套磁信/嵌入式mp157/third_party/STM32CubeMP1/Projects/STM32MP157C-DK2/Applications/OpenAMP/OpenAMP_TTY_echo/Src/lock_resource.c.obj'
[5/36] Building C object 'CMakeFiles/m4_rpmsg.elf.dir/Users/xiechushu/project/Joint_inversion_for_simulation/docs/简历和套磁信/嵌入式mp157/third_party/STM32CubeMP1/Projects/STM32MP157C-DK2/Applications/OpenAMP/OpenAMP_TTY_echo/Src/mbox_ipcc.c.obj'
/Users/xiechushu/project/Joint_inversion_for_simulation/docs/简历和套磁信/嵌入式mp157/third_party/STM32CubeMP1/Projects/STM32MP157C-DK2/Applications/OpenAMP/OpenAMP_TTY_echo/Src/mbox_ipcc.c: In function 'IPCC_channel1_callback':
/Users/xiechushu/project/Joint_inversion_for_simulation/docs/简历和套磁信/嵌入式mp157/third_party/STM32CubeMP1/Projects/STM32MP157C-DK2/Applications/OpenAMP/OpenAMP_TTY_echo/Src/mbox_ipcc.c:209:108: warning: suggest braces around empty body in an 'if' statement [-Wempty-body]
  209 |     OPENAMP_log_dbg("IPCC_channel1_callback: previous IRQ not treated (status = %d)\r\n", msg_received_ch1);
      |                                                                                                            ^
/Users/xiechushu/project/Joint_inversion_for_simulation/docs/简历和套磁信/嵌入式mp157/third_party/STM32CubeMP1/Projects/STM32MP157C-DK2/Applications/OpenAMP/OpenAMP_TTY_echo/Src/mbox_ipcc.c:201:56: warning: unused parameter 'ChannelDir' [-Wunused-parameter]
  201 |          uint32_t ChannelIndex, IPCC_CHANNELDirTypeDef ChannelDir)
      |                                 ~~~~~~~~~~~~~~~~~~~~~~~^~~~~~~~~~
/Users/xiechushu/project/Joint_inversion_for_simulation/docs/简历和套磁信/嵌入式mp157/third_party/STM32CubeMP1/Projects/STM32MP157C-DK2/Applications/OpenAMP/OpenAMP_TTY_echo/Src/mbox_ipcc.c: In function 'IPCC_channel2_callback':
/Users/xiechushu/project/Joint_inversion_for_simulation/docs/简历和套磁信/嵌入式mp157/third_party/STM32CubeMP1/Projects/STM32MP157C-DK2/Applications/OpenAMP/OpenAMP_TTY_echo/Src/mbox_ipcc.c:232:108: warning: suggest braces around empty body in an 'if' statement [-Wempty-body]
  232 |     OPENAMP_log_dbg("IPCC_channel2_callback: previous IRQ not treated (status = %d)\r\n", msg_received_ch2);
      |                                                                                                            ^
/Users/xiechushu/project/Joint_inversion_for_simulation/docs/简历和套磁信/嵌入式mp157/third_party/STM32CubeMP1/Projects/STM32MP157C-DK2/Applications/OpenAMP/OpenAMP_TTY_echo/Src/mbox_ipcc.c:224:56: warning: unused parameter 'ChannelDir' [-Wunused-parameter]
  224 |          uint32_t ChannelIndex, IPCC_CHANNELDirTypeDef ChannelDir)
      |                                 ~~~~~~~~~~~~~~~~~~~~~~~^~~~~~~~~~
[6/36] Building C object 'CMakeFiles/m4_rpmsg.elf.dir/Users/xiechushu/project/Joint_inversion_for_simulation/docs/简历和套磁信/嵌入式mp157/third_party/STM32CubeMP1/Projects/STM32MP157C-DK2/Applications/OpenAMP/OpenAMP_TTY_echo/Src/rsc_table.c.obj'
[7/36] Building C object 'CMakeFiles/m4_rpmsg.elf.dir/Users/xiechushu/project/Joint_inversion_for_simulation/docs/简历和套磁信/嵌入式mp157/third_party/STM32CubeMP1/Projects/STM32MP157C-DK2/Applications/OpenAMP/OpenAMP_TTY_echo/Src/stm32mp1xx_hal_msp.c.obj'
[8/36] Building C object 'CMakeFiles/m4_rpmsg.elf.dir/Users/xiechushu/project/Joint_inversion_for_simulation/docs/简历和套磁信/嵌入式mp157/third_party/STM32CubeMP1/Projects/STM32MP157C-DK2/Applications/OpenAMP/OpenAMP_TTY_echo/Src/stm32mp1xx_it.c.obj'
[9/36] Building C object 'CMakeFiles/m4_rpmsg.elf.dir/Users/xiechushu/project/Joint_inversion_for_simulation/docs/简历和套磁信/嵌入式mp157/third_party/STM32CubeMP1/Drivers/STM32MP1xx_HAL_Driver/Src/stm32mp1xx_hal_cortex.c.obj'
[10/36] Building C object 'CMakeFiles/m4_rpmsg.elf.dir/Users/xiechushu/project/Joint_inversion_for_simulation/docs/简历和套磁信/嵌入式mp157/third_party/STM32CubeMP1/Drivers/STM32MP1xx_HAL_Driver/Src/stm32mp1xx_hal.c.obj'
[11/36] Building C object 'CMakeFiles/m4_rpmsg.elf.dir/Users/xiechushu/project/Joint_inversion_for_simulation/docs/简历和套磁信/嵌入式mp157/third_party/STM32CubeMP1/Drivers/BSP/STM32MP15xx_DISCO/stm32mp15xx_disco.c.obj'
[12/36] Building C object CMakeFiles/m4_rpmsg.elf.dir/src/mpu6050_rpmsg.c.obj
[13/36] Building C object 'CMakeFiles/m4_rpmsg.elf.dir/Users/xiechushu/project/Joint_inversion_for_simulation/docs/简历和套磁信/嵌入式mp157/third_party/STM32CubeMP1/Drivers/STM32MP1xx_HAL_Driver/Src/stm32mp1xx_hal_mdma.c.obj'
[14/36] Building C object CMakeFiles/m4_rpmsg.elf.dir/src/virt_uart_compat.c.obj
[15/36] Building C object 'CMakeFiles/m4_rpmsg.elf.dir/Users/xiechushu/project/Joint_inversion_for_simulation/docs/简历和套磁信/嵌入式mp157/third_party/STM32CubeMP1/Drivers/STM32MP1xx_HAL_Driver/Src/stm32mp1xx_hal_hsem.c.obj'
[16/36] Building C object 'CMakeFiles/m4_rpmsg.elf.dir/Users/xiechushu/project/Joint_inversion_for_simulation/docs/简历和套磁信/嵌入式mp157/third_party/STM32CubeMP1/Drivers/STM32MP1xx_HAL_Driver/Src/stm32mp1xx_hal_dma.c.obj'
[17/36] Building C object 'CMakeFiles/m4_rpmsg.elf.dir/Users/xiechushu/project/Joint_inversion_for_simulation/docs/简历和套磁信/嵌入式mp157/third_party/STM32CubeMP1/Drivers/STM32MP1xx_HAL_Driver/Src/stm32mp1xx_hal_ipcc.c.obj'
/Users/xiechushu/project/Joint_inversion_for_simulation/docs/简历和套磁信/嵌入式mp157/third_party/STM32CubeMP1/Drivers/STM32MP1xx_HAL_Driver/Src/stm32mp1xx_hal_ipcc.c: In function 'HAL_IPCC_GetChannelStatus':
/Users/xiechushu/project/Joint_inversion_for_simulation/docs/简历和套磁信/嵌入式mp157/third_party/STM32CubeMP1/Drivers/STM32MP1xx_HAL_Driver/Src/stm32mp1xx_hal_ipcc.c:421:85: warning: unused parameter 'hipcc' [-Wunused-parameter]
  421 | IPCC_CHANNELStatusTypeDef HAL_IPCC_GetChannelStatus(IPCC_HandleTypeDef const *const hipcc, uint32_t ChannelIndex, IPCC_CHANNELDirTypeDef ChannelDir)
      |                                                     ~~~~~~~~~~~~~~~~~~~~~~~~~~~~~~~~^~~~~
[18/36] Building C object 'CMakeFiles/m4_rpmsg.elf.dir/Users/xiechushu/project/Joint_inversion_for_simulation/docs/简历和套磁信/嵌入式mp157/third_party/STM32CubeMP1/Drivers/STM32MP1xx_HAL_Driver/Src/stm32mp1xx_hal_pwr.c.obj'
/Users/xiechushu/project/Joint_inversion_for_simulation/docs/简历和套磁信/嵌入式mp157/third_party/STM32CubeMP1/Drivers/STM32MP1xx_HAL_Driver/Src/stm32mp1xx_hal_pwr.c: In function 'HAL_PWR_EnterSLEEPMode':
/Users/xiechushu/project/Joint_inversion_for_simulation/docs/简历和套磁信/嵌入式mp157/third_party/STM32CubeMP1/Drivers/STM32MP1xx_HAL_Driver/Src/stm32mp1xx_hal_pwr.c:517:38: warning: unused parameter 'Regulator' [-Wunused-parameter]
  517 | void HAL_PWR_EnterSLEEPMode(uint32_t Regulator, uint8_t SLEEPEntry)
      |                             ~~~~~~~~~^~~~~~~~~
[19/36] Building C object 'CMakeFiles/m4_rpmsg.elf.dir/Users/xiechushu/project/Joint_inversion_for_simulation/docs/简历和套磁信/嵌入式mp157/third_party/STM32CubeMP1/Middlewares/Third_Party/OpenAMP/libmetal/lib/init.c.obj'
[20/36] Building C object 'CMakeFiles/m4_rpmsg.elf.dir/Users/xiechushu/project/Joint_inversion_for_simulation/docs/简历和套磁信/嵌入式mp157/third_party/STM32CubeMP1/Drivers/STM32MP1xx_HAL_Driver/Src/stm32mp1xx_hal_gpio.c.obj'
[21/36] Building C object 'CMakeFiles/m4_rpmsg.elf.dir/Users/xiechushu/project/Joint_inversion_for_simulation/docs/简历和套磁信/嵌入式mp157/third_party/STM32CubeMP1/Middlewares/Third_Party/OpenAMP/libmetal/lib/device.c.obj'
[22/36] Building C object 'CMakeFiles/m4_rpmsg.elf.dir/Users/xiechushu/project/Joint_inversion_for_simulation/docs/简历和套磁信/嵌入式mp157/third_party/STM32CubeMP1/Drivers/STM32MP1xx_HAL_Driver/Src/stm32mp1xx_hal_pwr_ex.c.obj'
[23/36] Building C object 'CMakeFiles/m4_rpmsg.elf.dir/Users/xiechushu/project/Joint_inversion_for_simulation/docs/简历和套磁信/嵌入式mp157/third_party/STM32CubeMP1/Middlewares/Third_Party/OpenAMP/libmetal/lib/log.c.obj'
[24/36] Building C object 'CMakeFiles/m4_rpmsg.elf.dir/Users/xiechushu/project/Joint_inversion_for_simulation/docs/简历和套磁信/嵌入式mp157/third_party/STM32CubeMP1/Middlewares/Third_Party/OpenAMP/libmetal/lib/system/generic/generic_device.c.obj'
[25/36] Building C object 'CMakeFiles/m4_rpmsg.elf.dir/Users/xiechushu/project/Joint_inversion_for_simulation/docs/简历和套磁信/嵌入式mp157/third_party/STM32CubeMP1/Middlewares/Third_Party/OpenAMP/libmetal/lib/system/generic/template/sys.c.obj'
[26/36] Building C object 'CMakeFiles/m4_rpmsg.elf.dir/Users/xiechushu/project/Joint_inversion_for_simulation/docs/简历和套磁信/嵌入式mp157/third_party/STM32CubeMP1/Middlewares/Third_Party/OpenAMP/libmetal/lib/system/generic/generic_init.c.obj'
[27/36] Building C object 'CMakeFiles/m4_rpmsg.elf.dir/Users/xiechushu/project/Joint_inversion_for_simulation/docs/简历和套磁信/嵌入式mp157/third_party/STM32CubeMP1/Middlewares/Third_Party/OpenAMP/libmetal/lib/io.c.obj'
[28/36] Building C object 'CMakeFiles/m4_rpmsg.elf.dir/Users/xiechushu/project/Joint_inversion_for_simulation/docs/简历和套磁信/嵌入式mp157/third_party/STM32CubeMP1/Middlewares/Third_Party/OpenAMP/open-amp/lib/virtio/virtio.c.obj'
[29/36] Building C object 'CMakeFiles/m4_rpmsg.elf.dir/Users/xiechushu/project/Joint_inversion_for_simulation/docs/简历和套磁信/嵌入式mp157/third_party/STM32CubeMP1/Middlewares/Third_Party/OpenAMP/libmetal/lib/system/generic/generic_io.c.obj'
[30/36] Building C object 'CMakeFiles/m4_rpmsg.elf.dir/Users/xiechushu/project/Joint_inversion_for_simulation/docs/简历和套磁信/嵌入式mp157/third_party/STM32CubeMP1/Middlewares/Third_Party/OpenAMP/open-amp/lib/rpmsg/rpmsg.c.obj'
[31/36] Building C object 'CMakeFiles/m4_rpmsg.elf.dir/Users/xiechushu/project/Joint_inversion_for_simulation/docs/简历和套磁信/嵌入式mp157/third_party/STM32CubeMP1/Middlewares/Third_Party/OpenAMP/open-amp/lib/remoteproc/remoteproc_virtio.c.obj'
[32/36] Building C object 'CMakeFiles/m4_rpmsg.elf.dir/Users/xiechushu/project/Joint_inversion_for_simulation/docs/简历和套磁信/嵌入式mp157/third_party/STM32CubeMP1/Middlewares/Third_Party/OpenAMP/open-amp/lib/rpmsg/rpmsg_virtio.c.obj'
[33/36] Building C object 'CMakeFiles/m4_rpmsg.elf.dir/Users/xiechushu/project/Joint_inversion_for_simulation/docs/简历和套磁信/嵌入式mp157/third_party/STM32CubeMP1/Middlewares/Third_Party/OpenAMP/open-amp/lib/virtio/virtqueue.c.obj'
[34/36] Building C object 'CMakeFiles/m4_rpmsg.elf.dir/Users/xiechushu/project/Joint_inversion_for_simulation/docs/简历和套磁信/嵌入式mp157/third_party/STM32CubeMP1/Drivers/STM32MP1xx_HAL_Driver/Src/stm32mp1xx_hal_rcc_ex.c.obj'
[35/36] Building C object 'CMakeFiles/m4_rpmsg.elf.dir/Users/xiechushu/project/Joint_inversion_for_simulation/docs/简历和套磁信/嵌入式mp157/third_party/STM32CubeMP1/Drivers/STM32MP1xx_HAL_Driver/Src/stm32mp1xx_hal_rcc.c.obj'
[36/36] Linking C executable m4_rpmsg.elf
/Users/xiechushu/project/Joint_inversion_for_simulation/docs/简历和套磁信/嵌入式mp157/third_party/arm-toolchain-extracted-15.3/Payload/bin/../lib/gcc/arm-none-eabi/15.3.1/../../../../arm-none-eabi/bin/ld: /Users/xiechushu/project/Joint_inversion_for_simulation/docs/简历和套磁信/嵌入式mp157/third_party/arm-toolchain-extracted-15.3/Payload/bin/../lib/gcc/arm-none-eabi/15.3.1/../../../../arm-none-eabi/lib/thumb/v7e-m+fp/hard/libc_nano.a(libc_a-closer.o): in function `_close_r':
closer.c:(.text._close_r+0xc): warning: _close is not implemented and will always fail
/Users/xiechushu/project/Joint_inversion_for_simulation/docs/简历和套磁信/嵌入式mp157/third_party/arm-toolchain-extracted-15.3/Payload/bin/../lib/gcc/arm-none-eabi/15.3.1/../../../../arm-none-eabi/bin/ld: /Users/xiechushu/project/Joint_inversion_for_simulation/docs/简历和套磁信/嵌入式mp157/third_party/arm-toolchain-extracted-15.3/Payload/bin/../lib/gcc/arm-none-eabi/15.3.1/../../../../arm-none-eabi/lib/thumb/v7e-m+fp/hard/libc_nano.a(libc_a-closer.o): note: the message above does not take linker garbage collection into account
/Users/xiechushu/project/Joint_inversion_for_simulation/docs/简历和套磁信/嵌入式mp157/third_party/arm-toolchain-extracted-15.3/Payload/bin/../lib/gcc/arm-none-eabi/15.3.1/../../../../arm-none-eabi/bin/ld: /Users/xiechushu/project/Joint_inversion_for_simulation/docs/简历和套磁信/嵌入式mp157/third_party/arm-toolchain-extracted-15.3/Payload/bin/../lib/gcc/arm-none-eabi/15.3.1/../../../../arm-none-eabi/lib/thumb/v7e-m+fp/hard/libc_nano.a(libc_a-fstatr.o): in function `_fstat_r':
fstatr.c:(.text._fstat_r+0xe): warning: _fstat is not implemented and will always fail
/Users/xiechushu/project/Joint_inversion_for_simulation/docs/简历和套磁信/嵌入式mp157/third_party/arm-toolchain-extracted-15.3/Payload/bin/../lib/gcc/arm-none-eabi/15.3.1/../../../../arm-none-eabi/bin/ld: /Users/xiechushu/project/Joint_inversion_for_simulation/docs/简历和套磁信/嵌入式mp157/third_party/arm-toolchain-extracted-15.3/Payload/bin/../lib/gcc/arm-none-eabi/15.3.1/../../../../arm-none-eabi/lib/thumb/v7e-m+fp/hard/libc_nano.a(libc_a-fstatr.o): note: the message above does not take linker garbage collection into account
/Users/xiechushu/project/Joint_inversion_for_simulation/docs/简历和套磁信/嵌入式mp157/third_party/arm-toolchain-extracted-15.3/Payload/bin/../lib/gcc/arm-none-eabi/15.3.1/../../../../arm-none-eabi/bin/ld: /Users/xiechushu/project/Joint_inversion_for_simulation/docs/简历和套磁信/嵌入式mp157/third_party/arm-toolchain-extracted-15.3/Payload/bin/../lib/gcc/arm-none-eabi/15.3.1/../../../../arm-none-eabi/lib/thumb/v7e-m+fp/hard/libc_nano.a(libc_a-signalr.o): in function `_getpid_r':
signalr.c:(.text._getpid_r+0x0): warning: _getpid is not implemented and will always fail
/Users/xiechushu/project/Joint_inversion_for_simulation/docs/简历和套磁信/嵌入式mp157/third_party/arm-toolchain-extracted-15.3/Payload/bin/../lib/gcc/arm-none-eabi/15.3.1/../../../../arm-none-eabi/bin/ld: /Users/xiechushu/project/Joint_inversion_for_simulation/docs/简历和套磁信/嵌入式mp157/third_party/arm-toolchain-extracted-15.3/Payload/bin/../lib/gcc/arm-none-eabi/15.3.1/../../../../arm-none-eabi/lib/thumb/v7e-m+fp/hard/libc_nano.a(libc_a-signalr.o): note: the message above does not take linker garbage collection into account
/Users/xiechushu/project/Joint_inversion_for_simulation/docs/简历和套磁信/嵌入式mp157/third_party/arm-toolchain-extracted-15.3/Payload/bin/../lib/gcc/arm-none-eabi/15.3.1/../../../../arm-none-eabi/bin/ld: /Users/xiechushu/project/Joint_inversion_for_simulation/docs/简历和套磁信/嵌入式mp157/third_party/arm-toolchain-extracted-15.3/Payload/bin/../lib/gcc/arm-none-eabi/15.3.1/../../../../arm-none-eabi/lib/thumb/v7e-m+fp/hard/libc_nano.a(libc_a-isattyr.o): in function `_isatty_r':
isattyr.c:(.text._isatty_r+0xc): warning: _isatty is not implemented and will always fail
/Users/xiechushu/project/Joint_inversion_for_simulation/docs/简历和套磁信/嵌入式mp157/third_party/arm-toolchain-extracted-15.3/Payload/bin/../lib/gcc/arm-none-eabi/15.3.1/../../../../arm-none-eabi/bin/ld: /Users/xiechushu/project/Joint_inversion_for_simulation/docs/简历和套磁信/嵌入式mp157/third_party/arm-toolchain-extracted-15.3/Payload/bin/../lib/gcc/arm-none-eabi/15.3.1/../../../../arm-none-eabi/lib/thumb/v7e-m+fp/hard/libc_nano.a(libc_a-isattyr.o): note: the message above does not take linker garbage collection into account
/Users/xiechushu/project/Joint_inversion_for_simulation/docs/简历和套磁信/嵌入式mp157/third_party/arm-toolchain-extracted-15.3/Payload/bin/../lib/gcc/arm-none-eabi/15.3.1/../../../../arm-none-eabi/bin/ld: /Users/xiechushu/project/Joint_inversion_for_simulation/docs/简历和套磁信/嵌入式mp157/third_party/arm-toolchain-extracted-15.3/Payload/bin/../lib/gcc/arm-none-eabi/15.3.1/../../../../arm-none-eabi/lib/thumb/v7e-m+fp/hard/libc_nano.a(libc_a-signalr.o): in function `_kill_r':
signalr.c:(.text._kill_r+0xe): warning: _kill is not implemented and will always fail
/Users/xiechushu/project/Joint_inversion_for_simulation/docs/简历和套磁信/嵌入式mp157/third_party/arm-toolchain-extracted-15.3/Payload/bin/../lib/gcc/arm-none-eabi/15.3.1/../../../../arm-none-eabi/bin/ld: /Users/xiechushu/project/Joint_inversion_for_simulation/docs/简历和套磁信/嵌入式mp157/third_party/arm-toolchain-extracted-15.3/Payload/bin/../lib/gcc/arm-none-eabi/15.3.1/../../../../arm-none-eabi/lib/thumb/v7e-m+fp/hard/libc_nano.a(libc_a-signalr.o): note: the message above does not take linker garbage collection into account
/Users/xiechushu/project/Joint_inversion_for_simulation/docs/简历和套磁信/嵌入式mp157/third_party/arm-toolchain-extracted-15.3/Payload/bin/../lib/gcc/arm-none-eabi/15.3.1/../../../../arm-none-eabi/bin/ld: /Users/xiechushu/project/Joint_inversion_for_simulation/docs/简历和套磁信/嵌入式mp157/third_party/arm-toolchain-extracted-15.3/Payload/bin/../lib/gcc/arm-none-eabi/15.3.1/../../../../arm-none-eabi/lib/thumb/v7e-m+fp/hard/libc_nano.a(libc_a-lseekr.o): in function `_lseek_r':
lseekr.c:(.text._lseek_r+0x10): warning: _lseek is not implemented and will always fail
/Users/xiechushu/project/Joint_inversion_for_simulation/docs/简历和套磁信/嵌入式mp157/third_party/arm-toolchain-extracted-15.3/Payload/bin/../lib/gcc/arm-none-eabi/15.3.1/../../../../arm-none-eabi/bin/ld: /Users/xiechushu/project/Joint_inversion_for_simulation/docs/简历和套磁信/嵌入式mp157/third_party/arm-toolchain-extracted-15.3/Payload/bin/../lib/gcc/arm-none-eabi/15.3.1/../../../../arm-none-eabi/lib/thumb/v7e-m+fp/hard/libc_nano.a(libc_a-lseekr.o): note: the message above does not take linker garbage collection into account
/Users/xiechushu/project/Joint_inversion_for_simulation/docs/简历和套磁信/嵌入式mp157/third_party/arm-toolchain-extracted-15.3/Payload/bin/../lib/gcc/arm-none-eabi/15.3.1/../../../../arm-none-eabi/bin/ld: /Users/xiechushu/project/Joint_inversion_for_simulation/docs/简历和套磁信/嵌入式mp157/third_party/arm-toolchain-extracted-15.3/Payload/bin/../lib/gcc/arm-none-eabi/15.3.1/../../../../arm-none-eabi/lib/thumb/v7e-m+fp/hard/libc_nano.a(libc_a-readr.o): in function `_read_r':
readr.c:(.text._read_r+0x10): warning: _read is not implemented and will always fail
/Users/xiechushu/project/Joint_inversion_for_simulation/docs/简历和套磁信/嵌入式mp157/third_party/arm-toolchain-extracted-15.3/Payload/bin/../lib/gcc/arm-none-eabi/15.3.1/../../../../arm-none-eabi/bin/ld: /Users/xiechushu/project/Joint_inversion_for_simulation/docs/简历和套磁信/嵌入式mp157/third_party/arm-toolchain-extracted-15.3/Payload/bin/../lib/gcc/arm-none-eabi/15.3.1/../../../../arm-none-eabi/lib/thumb/v7e-m+fp/hard/libc_nano.a(libc_a-readr.o): note: the message above does not take linker garbage collection into account
/Users/xiechushu/project/Joint_inversion_for_simulation/docs/简历和套磁信/嵌入式mp157/third_party/arm-toolchain-extracted-15.3/Payload/bin/../lib/gcc/arm-none-eabi/15.3.1/../../../../arm-none-eabi/bin/ld: /Users/xiechushu/project/Joint_inversion_for_simulation/docs/简历和套磁信/嵌入式mp157/third_party/arm-toolchain-extracted-15.3/Payload/bin/../lib/gcc/arm-none-eabi/15.3.1/../../../../arm-none-eabi/lib/thumb/v7e-m+fp/hard/libc_nano.a(libc_a-writer.o): in function `_write_r':
writer.c:(.text._write_r+0x10): warning: _write is not implemented and will always fail
/Users/xiechushu/project/Joint_inversion_for_simulation/docs/简历和套磁信/嵌入式mp157/third_party/arm-toolchain-extracted-15.3/Payload/bin/../lib/gcc/arm-none-eabi/15.3.1/../../../../arm-none-eabi/bin/ld: /Users/xiechushu/project/Joint_inversion_for_simulation/docs/简历和套磁信/嵌入式mp157/third_party/arm-toolchain-extracted-15.3/Payload/bin/../lib/gcc/arm-none-eabi/15.3.1/../../../../arm-none-eabi/lib/thumb/v7e-m+fp/hard/libc_nano.a(libc_a-writer.o): note: the message above does not take linker garbage collection into account
   text	   data	    bss	    dec	    hex	filename
  12820	    288	   2252	  15360	   3c00	/Users/xiechushu/project/Joint_inversion_for_simulation/docs/简历和套磁信/嵌入式mp157/m4/build-recovery-only/m4_rpmsg.elf
