### logger started 2026-09-19 09:12:05 ###
### port opened ###
[  137.415856] remoteproc remoteproc0: powering up m4
[  137.423595] remoteproc remoteproc0: Booting fw image m4_mpu6050_no_tx.elf, size 49844
[  137.432415]  mlahb:m4@10000000#vdev0buffer: assigned reserved memory node vdev0buffer@10042000
[  137.440457] virtio_rpmsg_bus virtio0: creating channel rpmsg-tty-channel addr 0x400
[  137.444989] virtio_rpmsg_bus virtio0: rpmsg host is online
[  137.451038] rpmsg_tty virtio0.rpmsg-tty-channel.-1.1024: new channel: 0x400 -> 0x400 : ttyRPMSG0
[  137.466118]  mlahb:m4@10000000#vdev0buffer: registered virtio0 (type 7)
[  137.486056] remoteproc remoteproc0: remote processor m4 is now up
[  140.739786] rpmsg_tty virtio0.rpmsg-tty-channel.-1.1024: rpmsg tty device 0 is removed
[  141.265771] remoteproc remoteproc0: warning: remote FW shutdown without ack
[  141.271352] remoteproc remoteproc0: stopped remote processor m4
=== before_unbind ===
 15:53:02 up 2 min,  1 user,  load average: 0.79, 0.63, 0.26
lo               UNKNOWN        127.0.0.1/8 ::1/128 
can0             DOWN           
eth0             UP             169.254.50.2/16 fe80::204:9fff:fe04:d235/64 
usb0             DOWN           
wlan0            DOWN           
3: eth0: <BROADCAST,MULTICAST,UP,LOWER_UP> mtu 1500 qdisc mq state UP mode DEFAULT group default qlen 1000
    link/ether 00:04:9f:04:d2:35 brd ff:ff:ff:ff:ff:ff
    RX: bytes  packets  errors  dropped overrun mcast   
    54050      208      0       0       0       0       
    TX: bytes  packets  errors  dropped carrier collsns 
    28882      193      0       0       0       0       
offline
GPIOB MODER=0x00000000
GPIOB OTYPER=0x00000000
GPIOB OSPEEDR=0x00000000
GPIOB PUPDR=0x00000000
GPIOB IDR=0x00000000
GPIOB ODR=0x00000000
GPIOB AFRL=0x00000000
GPIOB AFRH=0x00000000
=== before_start ===
 15:53:02 up 2 min,  1 user,  load average: 0.79, 0.63, 0.26
lo               UNKNOWN        127.0.0.1/8 ::1/128 
can0             DOWN           
eth0             UP             169.254.50.2/16 fe80::204:9fff:fe04:d235/64 
usb0             DOWN           
wlan0            DOWN           
3: eth0: <BROADCAST,MULTICAST,UP,LOWER_UP> mtu 1500 qdisc mq state UP mode DEFAULT group default qlen 1000
    link/ether 00:04:9f:04:d2:35 brd ff:ff:ff:ff:ff:ff
    RX: bytes  packets  errors  dropped overrun mcast   
    54050      208      0       0       0       0       
    TX: bytes  packets  errors  dropped carrier collsns 
    28882      193      0       0       0       0       
offline
GPIOB MODER=0x00000000
GPIOB OTYPER=0x00000000
GPIOB OSPEEDR=0x00000000
GPIOB PUPDR=0x00000000
GPIOB IDR=0x00000000
GPIOB ODR=0x00000000
GPIOB AFRL=0x00000000
GPIOB AFRH=0x00000000
=== after_start ===
 15:53:05 up 2 min,  1 user,  load average: 0.73, 0.62, 0.26
lo               UNKNOWN        127.0.0.1/8 ::1/128 
can0             DOWN           
eth0             UP             169.254.50.2/16 fe80::204:9fff:fe04:d235/64 
usb0             DOWN           
wlan0            DOWN           
3: eth0: <BROADCAST,MULTICAST,UP,LOWER_UP> mtu 1500 qdisc mq state UP mode DEFAULT group default qlen 1000
    link/ether 00:04:9f:04:d2:35 brd ff:ff:ff:ff:ff:ff
    RX: bytes  packets  errors  dropped overrun mcast   
    54050      208      0       0       0       0       
    TX: bytes  packets  errors  dropped carrier collsns 
    28882      193      0       0       0       0       
running
GPIOB MODER=0xf50003c0
GPIOB OTYPER=0x00003040
GPIOB OSPEEDR=0x50840140
GPIOB PUPDR=0x50000140
GPIOB IDR=0x00000006
GPIOB ODR=0x00001000
GPIOB AFRL=0xd5a008bb
GPIOB AFRH=0x00eeb05d
=== after_stop ===
 15:53:06 up 2 min,  1 user,  load average: 0.73, 0.62, 0.26
lo               UNKNOWN        127.0.0.1/8 ::1/128 
can0             DOWN           
eth0             UP             169.254.50.2/16 fe80::204:9fff:fe04:d235/64 
usb0             DOWN           
wlan0            DOWN           
3: eth0: <BROADCAST,MULTICAST,UP,LOWER_UP> mtu 1500 qdisc mq state UP mode DEFAULT group default qlen 1000
    link/ether 00:04:9f:04:d2:35 brd ff:ff:ff:ff:ff:ff
    RX: bytes  packets  errors  dropped overrun mcast   
    54050      208      0       0       0       0       
    TX: bytes  packets  errors  dropped carrier collsns 
    28882      193      0       0       0       0       
offline
GPIOB MODER=0x00000000
GPIOB OTYPER=0x00000000
GPIOB OSPEEDR=0x00000000
GPIOB PUPDR=0x00000000
GPIOB IDR=0x00000000
GPIOB ODR=0x00000000
GPIOB AFRL=0x00000000
GPIOB AFRH=0x00000000
[   11.732161] stm32-dcmi 4c006000.dcmi: Probe done
[   12.172435] Galcore version 6.4.3.279124
[   12.227397] using random self ethernet address
[   12.230406] using random host ethernet address
[   12.553106] usb0: HOST MAC 50:53:e8:d0:69:7e
[   12.556510] usb0: MAC ce:38:77:e6:17:e5
[   12.559828] dwc2 49000000.usb-otg: bound driver configfs-gadget
[   15.466761] stm32-dwmac 5800a000.ethernet eth0: PHY [stmmac-0:00] driver [YT8511 Gigabit Ethernet]
[   15.529755] dwmac4: Master AXI performs any burst length
[   15.533648] stm32-dwmac 5800a000.ethernet eth0: No Safety Features support found
[   15.623171] stm32-dwmac 5800a000.ethernet eth0: IEEE 1588-2008 Advanced Timestamp supported
[   15.677942] stm32-dwmac 5800a000.ethernet eth0: registered PTP clock
[   15.682897] stm32-dwmac 5800a000.ethernet eth0: configuring for phy/rgmii-id link mode
[   17.129121] ext4 filesystem being mounted at /run/media/mmcblk2p2 supports timestamps until 2038 (0x7fffffff)
[   18.039876] NET: Registered protocol family 10
[   18.413328] Segment Routing with IPv6
[   18.888281] stm32-dwmac 5800a000.ethernet eth0: Link is Up - 100Mbps/Full - flow control rx/tx
[   18.913680] IPv6: ADDRCONF(NETDEV_CHANGE): eth0: link becomes ready
[   21.296813] ICM20608 ID = 0XAE
[  137.415856] remoteproc remoteproc0: powering up m4
[  137.423595] remoteproc remoteproc0: Booting fw image m4_mpu6050_no_tx.elf, size 49844
[  137.432415]  mlahb:m4@10000000#vdev0buffer: assigned reserved memory node vdev0buffer@10042000
[  137.440457] virtio_rpmsg_bus virtio0: creating channel rpmsg-tty-channel addr 0x400
[  137.444989] virtio_rpmsg_bus virtio0: rpmsg host is online
[  137.451038] rpmsg_tty virtio0.rpmsg-tty-channel.-1.1024: new channel: 0x400 -> 0x400 : ttyRPMSG0
[  137.466118]  mlahb:m4@10000000#vdev0buffer: registered virtio0 (type 7)
[  137.486056] remoteproc remoteproc0: remote processor m4 is now up
[  140.739786] rpmsg_tty virtio0.rpmsg-tty-channel.-1.1024: rpmsg tty device 0 is removed
[  141.265771] remoteproc remoteproc0: warning: remote FW shutdown without ack
[  141.271352] remoteproc remoteproc0: stopped remote processor m4
DIAG_EXIT=0
